Copying ROM
        1 file(s) copied.

Building skill ASM
Building 376 skill asm files, 5 stat screen pages, 1 range-loop files, 1 post-loop files, 3 durability files, 2 weapon-usability files, 3 C sources

Dumping FE7 text table
Wrote C:\Users\Owner\Desktop\Gaming\Nintendo\Game_Boy_Advance\FE7\FEBuilder\BuildFiles\SkillSystem_FE7\Text\NewTextTable.dmp (6144 entries from FE7_clean.gba)

Refreshing derived skill index
Wrote C:\Users\Owner\Desktop\Gaming\Nintendo\Game_Boy_Advance\FE7\FEBuilder\BuildFiles\SkillSystem_FE7\Documentation\skill-index.md and C:\Users\Owner\Desktop\Gaming\Nintendo\Game_Boy_Advance\FE7\FEBuilder\BuildFiles\SkillSystem_FE7\Documentation\skill-index.json (derived; event files remain source of truth)

Running source tests
Wrote to C:\Users\Owner\AppData\Local\Temp\tmp31vkyxsq\SkillByte.event

========================================================================
 Source tests (before assemble)
========================================================================
 SKIP  _ErrorHolder._ErrorHolder  (missing C:\Users\Owner\Desktop\Gaming\Nintendo\Game_Boy_Advance\FE7\FEBuilder\BuildFiles\SkillSystem_FE7\EngineHacks\SkillSystem\Skills\EffectivenessSkills\Nullify\Effectiveness_Skills.s)
 SKIP  _ErrorHolder._ErrorHolder  (missing C:\Users\Owner\Desktop\Gaming\Nintendo\Game_Boy_Advance\FE7\FEBuilder\BuildFiles\SkillSystem_FE7\EngineHacks\SkillSystem\Skills\EffectivenessSkills\Nullify\Effectiveness_Skills.s)
 SKIP  _ErrorHolder._ErrorHolder  (missing C:\Users\Owner\Desktop\Gaming\Nintendo\Game_Boy_Advance\FE7\FEBuilder\BuildFiles\SkillSystem_FE7\EngineHacks\SkillSystem\Skills\EffectivenessSkills\Nullify\Effectiveness_Skills.s)
  OK   AdeptSkillTests.test_dmp_calls_brave_then_adds_a_hit
  OK   AdeptSkillTests.test_fe7_round_count_lives_in_r5_not_stack_local
  OK   AdeptSkillTests.test_hit_count_logic
  OK   AdeptSkillTests.test_legacy_proc_adept_must_not_poke_fe8_stack_slot
  OK   AdeptSkillTests.test_source_adds_speed_percent_hit_via_skilltester
  OK   AiSkillSourceTests.test_aiskills_installed_at_fe7_hooks
  OK   AiSkillSourceTests.test_ids_are_enabled
  OK   AmaterasuExecutionTests.test_aura_hit_adds_20
  OK   AmaterasuExecutionTests.test_aura_miss_leaves_heal
  OK   AmischeExecutionTests.test_absent_allows_iron_and_steel
  OK   AmischeExecutionTests.test_present_allows_each_iron
  OK   AmischeExecutionTests.test_present_matches_item_id_not_durability
  OK   AmischeExecutionTests.test_present_rejects_non_iron
  OK   AptitudeExecutionTests.test_skill_absent_leaves_growth_unchanged
  OK   AptitudeExecutionTests.test_skill_present_adds_twenty
  OK   AptitudeExecutionTests.test_zero_growth_still_adds_twenty
  OK   AptitudeSkillTests.test_description_and_id
  OK   AptitudeSkillTests.test_extra_growth_boosts_calls_modifier_loop
  OK   AptitudeSkillTests.test_growth_bonus_loop_runs_aptitude
  OK   AptitudeSkillTests.test_growth_modifier_is_installed
  OK   ArmsthriftExecutionTests.test_failed_roll_consumes
  OK   ArmsthriftExecutionTests.test_no_skill_consumes
  OK   ArmsthriftExecutionTests.test_physical_miss_skips_without_skill
  OK   ArmsthriftExecutionTests.test_proc_skips_durability
  OK   AssembleCacheTests.test_assemble_and_symbol_offsets_share_one_as_invocation
  OK   AuraPostBattleTests.test_breath_of_life_skips_without_skill
  OK   AuraPostBattleTests.test_savage_blow_skips_without_skill
  OK   AxeFaithSkillTests.test_armsthrift_axefaith_uses_fe7_item_after_use
  OK   AxeFaithSkillTests.test_clean_rom_decrements_weapon_at_hook
  OK   AxeFaithSkillTests.test_description_feeds_debugger_skill_name
  OK   AxeFaithSkillTests.test_durability_hook_is_fe7_hit_effects
  OK   AxeFaithSkillTests.test_durability_uses_round_weapon_so_counters_apply
  OK   AxeFaithSkillTests.test_durability_writes_weapon_through_vanilla_pointer
  OK   AxeFaithSkillTests.test_luck_is_loaded_as_a_byte
  OK   AxeFaithSkillTests.test_rounds_skills_are_installed
  OK   BlossomSkillTests.test_description_and_id
  OK   BlossomSkillTests.test_exp_loop_halves_exp
  OK   BlossomSkillTests.test_extra_growth_boosts_calls_modifier_loop
  OK   BlossomSkillTests.test_growth_bonus_loop_runs_blossom
  OK   BlossomSkillTests.test_growth_modifier_is_installed
  OK   BondExecutionTests.test_aura_hit_adds_10
  OK   BondExecutionTests.test_aura_miss_leaves_heal
  OK   BowRangeExecutionTests.test_bow_max_increases_by_one
  OK   BowRangeExecutionTests.test_max_caps_at_fifteen
  OK   BowRangeExecutionTests.test_non_bow_unchanged
  OK   CamaraderieExecutionTests.test_no_skill_leaves_heal
  OK   CamaraderieExecutionTests.test_skill_with_allies_adds_10
  OK   CamaraderieExecutionTests.test_skill_without_allies_leaves_heal
  OK   CantoExecutionTests.test_canto_after_self_targeted_vulnerary
  OK   CantoExecutionTests.test_canto_after_staff
  OK   CantoExecutionTests.test_canto_after_vulnerary_with_stale_subject_index
  OK   CantoExecutionTests.test_canto_leaves_has_moved_and_unselectable_alone
  OK   CantoExecutionTests.test_canto_sets_pending_after_item
  OK   CantoExecutionTests.test_canto_sets_pending_after_staff
  OK   CantoExecutionTests.test_canto_skips_after_combat
  OK   CantoExecutionTests.test_canto_skips_when_already_cantoing
  OK   CantoExecutionTests.test_canto_skips_when_dead
  OK   CantoExecutionTests.test_canto_still_refused_for_a_unit_that_did_not_act
  OK   CantoExecutionTests.test_cantoplus_sets_pending_after_combat
  OK   CantoExecutionTests.test_cantoplus_skips_when_already_cantoing
  OK   CantoExecutionTests.test_cantoplus_skips_when_dead
  OK   CantoExecutionTests.test_cantoplus_skips_with_no_movement_left
  OK   CantoExecutionTests.test_cantoplus_skips_without_skill
  OK   CantoExecutionTests.test_no_canto_after_plain_wait
  OK   CantoExecutionTests.test_no_canto_for_a_different_unit
  OK   CantoExecutionTests.test_no_canto_when_all_movement_spent
  OK   CantoExecutionTests.test_no_canto_without_the_skill
  OK   CantoExecutionTests.test_no_second_canto_when_already_pending
  OK   CeleritySourceTests.test_fe7_fill_injectors_are_installed
  OK   CeleritySourceTests.test_id_is_enabled
  OK   CeleritySourceTests.test_stat_page_draws_move_through_the_getter
  OK   CeleritySourceTests.test_wired_into_mov_chain_as_plus_two
  OK   ChargePlusExecutionTests.test_brave_bit_clear_when_movement_partially_spent
  OK   ChargePlusExecutionTests.test_brave_bit_clear_when_unit_did_not_move
  OK   ChargePlusExecutionTests.test_brave_bit_clear_when_unit_has_no_movement
  OK   ChargePlusExecutionTests.test_brave_bit_set_when_movement_fully_spent
  OK   ChargePlusExecutionTests.test_brave_bit_tracks_true_total_movement_not_just_bonus
  OK   CheckGaleforceExecutionTests.test_canto_sets_0x40_and_clears_acted
  OK   CheckGaleforceExecutionTests.test_galeforce_pending_clears_spent_move
  OK   ClassMagAutolevelTests.test_dmp_does_not_start_with_push
  OK   ClassMagAutolevelTests.test_source_does_not_push_lr
  OK   CoveringRangeExecutionTests.test_in_range_accepted
  OK   CoveringRangeExecutionTests.test_past_max_rejected
  OK   CoveringRangeExecutionTests.test_pointblank_bow_covers_range_one
  OK   CoveringRangeExecutionTests.test_vanilla_bow_rejects_range_one
  OK   CritUpSkillTests.test_dmp_uses_halfword_store
  OK   CritUpSkillTests.test_prebattle_loop_calls_critup
  OK   CritUpSkillTests.test_skill_getters_do_not_wipe_ewram_on_read
  OK   CritUpSkillTests.test_source_adds_halfword_crit
  OK   DarkBargainExecutionTests.test_exp_bar_decrements_toward_lower_to
  OK   DarkBargainExecutionTests.test_exp_bar_increments_toward_higher_to
  OK   DarkBargainExecutionTests.test_heal_capped_by_missing_hp
  OK   DarkBargainExecutionTests.test_heal_uses_all_exp_when_hurt_enough
  OK   DarkBargainExecutionTests.test_level_up_exp_cannot_heal
  OK   DarkBargainExecutionTests.test_mid_exp_can_heal
  OK   DarkBargainExecutionTests.test_zero_exp_cannot_heal
  OK   DazzleExecutionTests.test_dazzle_clears_counter
  OK   DazzleExecutionTests.test_moonlight_clears_counter
  OK   DazzleExecutionTests.test_no_skill_leaves_counter
  OK   DazzleExecutionTests.test_uncounterable_weapon_clears_counter
  OK   DefiantHpThresholdTests.test_all_seven_core_stats_wire_defiant_into_their_getter
  OK   DefiantHpThresholdTests.test_defiant_avo_and_crit_wired_into_prebattle_calc_loop
  OK   DefiantHpThresholdTests.test_defiant_avo_boosts_at_25_percent_max_hp_or_lower
  OK   DefiantHpThresholdTests.test_defiant_core_stat_skill_boosts_at_25_percent_max_hp_or_lower
  OK   DefiantHpThresholdTests.test_defiant_crit_boosts_at_25_percent_max_hp_or_lower
  OK   DefiantHpThresholdTests.test_defiant_skill_ids_are_defined_and_distinct
  OK   DefiantHpThresholdTests.test_defiant_skills_event_defines_all_seven_stat_variants
  OK   DespoilExecutionTests.test_gem_is_stored_at_full_uses
  OK   DespoilExecutionTests.test_gem_lands_in_the_first_free_slot
  OK   DespoilExecutionTests.test_gem_on_kill_when_luck_rolls
  OK   DespoilExecutionTests.test_no_gem_if_luck_fails
  OK   DespoilExecutionTests.test_no_gem_if_target_lives
  OK   DespoilExecutionTests.test_no_gem_without_skill
  OK   DespoilExecutionTests.test_no_popup_when_the_inventory_is_full
  OK   DespoilExecutionTests.test_no_popup_when_the_skill_does_not_fire
  OK   DespoilExecutionTests.test_popup_gets_the_unit_the_item_and_the_blocking_proc
  OK   DespoilExecutionTests.test_popup_is_skipped_rather_than_shown_unparented
  OK   DespoilExecutionTests.test_uses_come_from_the_item_table_not_a_constant
  OK   DespoilExecutionTests.test_wrapper_parents_the_popup_on_itself
  OK   DoorFighterTerrainListTests.test_fe7_floor_is_indoor_not_outdoor
  OK   DoorFighterTerrainListTests.test_indoor_and_outdoor_lists_do_not_overlap
  OK   DoorFighterTerrainListTests.test_indoor_list_covers_fe7_interior_ids
  OK   DoublingSkillWiringTests.test_c_skills_are_defined
  OK   DoublingSkillWiringTests.test_c_source_is_rebuilt_by_skill_asm
  OK   DoublingSkillWiringTests.test_calc_loop_lists_doubling_skills
  OK   DoublingSkillWiringTests.test_forecast_hook_counts_both_follow_ups
  OK   DoublingSkillWiringTests.test_forecast_uses_fe7_item_effectiveness
  OK   DoublingSkillWiringTests.test_get_eff_lvl_uses_flag_tests_not_bit_magnitude
  OK   DoublingSkillWiringTests.test_ids_are_enabled
  OK   DoublingSkillWiringTests.test_last_word_and_biding_blow_use_wip_icon
  OK   DoublingSkillWiringTests.test_passions_flow_does_not_pass_null_bonuses
  OK   DoublingSkillWiringTests.test_passions_flow_uses_fe7_support_bonuses
  OK   DoublingSkillWiringTests.test_prideful_warrior_swaps_unwind_order
  OK   DoublingSkillWiringTests.test_quick_learner_only_when_attacking
  OK   DoublingSkillWiringTests.test_unit_doubling_category_is_live
  OK   DurabilityBasedItemsTests.test_hooks_fe7_getters_and_inline_icons
  OK   DurabilityBasedItemsTests.test_icon_getter_uses_durability_list
  OK   DurabilityBasedItemsTests.test_master_installer_includes_module
  OK   DurabilityBasedItemsTests.test_name_getter_uses_fe7_msg_buffer
  OK   DurabilityBasedItemsTests.test_uses_getter_returns_with_bx_lr
  OK   EndOfTurnGate.test_acted_and_fresh_units_count_the_same
  OK   EndOfTurnGate.test_counts_only_within_the_deployment_range
  OK   EndOfTurnGate.test_counts_units_that_have_already_acted
  OK   EndOfTurnGate.test_no_units_reports_zero
  OK   EndOfTurnGate.test_single_unit_is_enough_to_open_the_gate
 SKIP  Fe7LanguageAdapterTests.test_event_adapter_finds_skill_id_define  (codedrift not installed: No module named 'codedrift')
 SKIP  Fe7LanguageAdapterTests.test_thumb_adapter_finds_provoke_label  (codedrift not installed: No module named 'codedrift')
  OK   Fe7SupportSkillStorageTests.test_bwl_supports_module
  OK   Fe7SupportSkillStorageTests.test_debugger_skills_and_supports_split
  OK   Fe7SupportSkillStorageTests.test_debugger_support_names_follow_fe7_clone_chars
  OK   Fe7SupportSkillStorageTests.test_ems_chunk_declared
  OK   Fe7SupportSkillStorageTests.test_getters_stop_at_first_empty_slot
  OK   Fe7SupportSkillStorageTests.test_lyns_no_skill_bwl_base
  OK   Fe7SupportSkillStorageTests.test_player_seven_other_six
  OK   Fe7SupportSkillStorageTests.test_sources_use_unit_supports_not_bwl_for_skills
  OK   FuryExecutionTests.test_attacker_loses_6_hp
  OK   FuryExecutionTests.test_defender_loses_6_hp
  OK   FuryExecutionTests.test_floors_at_1
  OK   FuryExecutionTests.test_no_chip_if_not_attack
  OK   GambleExecutionTests.test_defender_side_leaves_stats
  OK   GambleExecutionTests.test_flag_halves_hit_and_doubles_crit
  OK   GambleExecutionTests.test_no_flag_leaves_stats
  OK   GridmasterExecutionTests.test_skips_wait_action
  OK   GrowthToggleBgTests.test_mss_defs_bg2_screen_is_not_bg1
  OK   GrowthToggleBgTests.test_page1_lyn_refresh_targets_bg0_and_bg2
  OK   HealAnimSpriteTests.test_prep_hides_sms_and_clears_grey
  OK   HealAnimSpriteTests.test_restore_does_not_eat_turn
  OK   HealAnimSpriteTests.test_restore_keeps_already_acted
  OK   HoardersBaneConvoyScan.test_does_not_scan_past_the_convoy
  OK   HoardersBaneConvoyScan.test_empty_convoy_reports_not_found
  OK   HoardersBaneConvoyScan.test_finds_vulnerary_across_the_boundary
  OK   HoardersBaneConvoyScan.test_finds_vulnerary_in_first_and_middle_slots
  OK   HoardersBaneConvoyScan.test_finds_vulnerary_in_last_slot
  OK   HookUnitLoadingTests.test_hook_does_not_call_vanilla_supporter_count_inline
  OK   HookUnitLoadingTests.test_hook_returns_to_caller_not_unit_load_supports
  OK   HookUnitLoadingTests.test_level_up_skill_tables_have_no_wild_pointers
  OK   HpRestorationWiringTests.test_amaterasu_is_marked_as_aura_skill
  OK   HpRestorationWiringTests.test_calc_loop_lists_four_skills
  OK   HpRestorationWiringTests.test_ids_are_enabled
  OK   HpRestorationWiringTests.test_installer_includes_four_skills
  OK   HpRestorationWiringTests.test_loop_builds_aura_buffer
  OK   IconReworkTests.test_get_icon_tile_index_hook_enabled
  OK   IconReworkTests.test_master_installer_includes_module
  OK   IconReworkTests.test_mss_uses_icon_rework_sheet
  OK   IconReworkTests.test_register_data_move_uses_fe7_address
  OK   IconReworkTests.test_sheet_five_skill_book_getter
  OK   ImplementPromptHookTests.test_last_user_query_reads_transcript
  OK   ImplementPromptHookTests.test_pretool_allows_grep_when_prompt_has_no_implement
  OK   ImplementPromptHookTests.test_pretool_allows_read
  OK   ImplementPromptHookTests.test_pretool_denies_grep_when_implementing_a_named_skill
  OK   ImplementPromptHookTests.test_submit_implement_nullify_injects_file_pack
  OK   ImplementPromptHookTests.test_submit_without_implement_is_a_no_op
  OK   IndoorFighterExecutionTests.test_boost_applies_on_listed_indoor_terrain
  OK   IndoorFighterExecutionTests.test_no_boost_on_unlisted_terrain
  OK   IndoorFighterExecutionTests.test_no_boost_without_skill
  OK   IndoorMarchExecutionTests.test_indoor_floor_adds_two
  OK   IndoorMarchExecutionTests.test_no_skill_leaves_mov
  OK   IndoorMarchExecutionTests.test_plains_leave_mov
  OK   ItemSelectRTextSourceTests.test_desc_id_hook_loads_desc_field_not_name
  OK   ItemSelectRTextSourceTests.test_use_desc_hook_loads_use_desc_field
  OK   LastHitCritExecutionTests.test_config_toggle_exists
  OK   LastHitCritExecutionTests.test_one_use_sets_crit_to_100
  OK   LastHitCritExecutionTests.test_prebattle_loop_calls_lasthitcrit
  OK   LastHitCritExecutionTests.test_two_uses_leaves_crit_unchanged
  OK   LastHitCritExecutionTests.test_zero_uses_leaves_crit_unchanged
  OK   LethalityExecutionTests.test_nongba_encodes_skill_over_2_when_rate_is_50
  OK   LethalityExecutionTests.test_nongba_leaves_zero_alone
  OK   LethalityExecutionTests.test_nongba_preserves_100_percent
  OK   LethalityExecutionTests.test_prebattle_stores_0_when_skill_absent
  OK   LethalityExecutionTests.test_prebattle_stores_50_when_skill_present
  OK   LethalityExecutionTests.test_proc_100_percent_silences_on_a_non_crit_hit
  OK   LethalityExecutionTests.test_proc_zero_rate_does_not_silence
  OK   LoyaltyExecutionTests.test_boost_for_eliwood_and_tutorial_lyn
  OK   LoyaltyExecutionTests.test_boost_when_main_lyn_is_blade_lord
  OK   LoyaltyExecutionTests.test_no_boost_when_nearby_ally_is_not_a_lord_character
  OK   LoyaltyExecutionTests.test_no_boost_when_skill_absent
  OK   LungeExecutionTests.test_no_swap_against_a_wall_or_snag
  OK   LungeExecutionTests.test_no_swap_onto_impassable_terrain
  OK   LungeExecutionTests.test_no_swap_outside_combat
  OK   LungeExecutionTests.test_no_swap_when_the_attacker_died
  OK   LungeExecutionTests.test_no_swap_when_the_target_died
  OK   LungeExecutionTests.test_no_swap_with_a_guard_tile_target
  OK   LungeExecutionTests.test_no_swap_without_the_skill
  OK   LungeExecutionTests.test_swaps_places_with_the_target
  OK   MagOn2ExecutionTests.test_floors_at_five
  OK   MagOn2ExecutionTests.test_half_mag_without_skill
  OK   MagOn2ExecutionTests.test_staffsavant_adds_one
  OK   MenuSkillWiringTests.test_category_and_menu_are_installed
  OK   MenuSkillWiringTests.test_fe7_guards_not_fe8
  OK   MenuSkillWiringTests.test_gamble_and_mercy_are_in_calc_loops
  OK   MenuSkillWiringTests.test_ids_are_enabled
  OK   MenuSkillWiringTests.test_snapshot_matches_enabled_ids
  OK   MercyExecutionTests.test_lethal_hit_leaves_one_hp
  OK   MercyExecutionTests.test_miss_skips_mercy
  OK   MercyExecutionTests.test_no_flag_kills
  OK   MercyExecutionTests.test_nonlethal_hit_unchanged
  OK   ModularStatGetterSourceTests.test_master_installer_includes_stat_getters
  OK   ModularStatGetterSourceTests.test_msg_helpers_do_not_embed_fe8_runtime_addresses
  OK   ModularStatGetterSourceTests.test_power_getter_is_defined_exactly_once
  OK   ModularStatGetterSourceTests.test_third_party_injectors_are_not_installed_unguarded
  OK   MoonlightDoublingExecutionTests.test_skill_absent_no_change
  OK   MoonlightDoublingExecutionTests.test_skill_present_forbids_double
  OK   MoveAndConColourExecutionTests.test_con_bonus_sign_picks_the_colour
  OK   MoveAndConColourExecutionTests.test_move_bonus_sign_picks_the_colour
  OK   NarrowFontIncludeTests.test_config_defines_narrow_font
  OK   NarrowFontIncludeTests.test_installer_targets_fe7_glyph_tables
  OK   NarrowFontIncludeTests.test_master_installer_includes_narrow_font
  OK   NarrowFontTextProcessTests.test_caret_span_emits_menu_narrow_codes
  OK   NarrowFontTextProcessTests.test_serif_installer_skips_vanilla_brace_slots
  OK   NarrowFontTextProcessTests.test_star_span_emits_serif_narrow_codes
  OK   NatureRushExecutionTests.test_forest_adds_two
  OK   NatureRushExecutionTests.test_indoor_floor_leaves_mov
  OK   NatureRushExecutionTests.test_no_skill_leaves_mov
  OK   NegativeModifierColourTests.test_growth_bonus_uses_the_signed_replacement
  OK   NegativeModifierColourTests.test_number_macros_branch_three_ways
  OK   NegativeModifierColourTests.test_red_reaches_a_palette_bank_the_base_font_does_not_have
  OK   NegativeModifierColourTests.test_signed_helpers_are_not_exported
  OK   NihilExecutionTests.test_nihil_finds_learned_skill
  OK   NihilExecutionTests.test_nihil_finds_personal_skill_when_buffer_clobbered
  OK   NihilExecutionTests.test_nihil_tester_false_outside_battle
  OK   NihilExecutionTests.test_nihil_tester_false_when_opponent_lacks_nihil
  OK   NihilExecutionTests.test_nihil_tester_false_when_skill_not_negatable
  OK   NihilExecutionTests.test_nihil_tester_true_on_forecast
  OK   NihilExecutionTests.test_nihil_tester_true_when_defender_has_nihil
  OK   NihilExecutionTests.test_nihil_tester_uses_attacker_for_defender_unit
  OK   OptionsNoSourceTests.test_buildfile_pins_id_2_as_no_not_weapon_rank
  OK   OutdoorFighterExecutionTests.test_boost_applies_on_listed_outdoor_terrain
  OK   OutdoorFighterExecutionTests.test_no_boost_on_unlisted_terrain
  OK   OutdoorFighterExecutionTests.test_no_boost_without_skill
  OK   PivotGeometryTests.test_pivot_east_of_ally
  OK   PointBlankExecutionTests.test_bow_min_becomes_one
  OK   PointBlankExecutionTests.test_non_bow_unchanged
  OK   PoiseWTAExecutionTests.test_attacker_poise_clears_defender_hit_advantage
  OK   PoiseWTAExecutionTests.test_defender_poise_clears_attacker_hit_advantage
  OK   PoiseWTAExecutionTests.test_defender_poise_leaves_neutral_and_disadvantage
  OK   PoiseWTAExecutionTests.test_no_change_without_the_skill
  OK   PostCombatLoopTests.test_actor_and_defender_stay_unit_pointers
  OK   PostCombatLoopTests.test_event_uses_relocatable_loop_object
  OK   PostCombatLoopTests.test_item_and_staff_reach_the_skill_loop
  OK   PostCombatLoopTests.test_loads_active_unit_pointer_before_deployment_id
  OK   PostCombatLoopTests.test_missing_defender_still_runs_canto_skills
  OK   PostCombatLoopTests.test_wait_does_not_run_post_combat_skills
  OK   PostCombatLoopTests.test_wait_sets_acted_flag_before_skill_loop
  OK   PostCombatProcParkTests.test_proc_is_dropped_again_when_the_loop_ends
  OK   PostCombatProcParkTests.test_proc_is_parked_before_the_skill_loop_runs
  OK   PostCombatProcParkTests.test_yield_returns_zero_after_popping_the_vanilla_frame
  OK   PreBattleDec103Tests.test_assassinate_followup_hooks_battle_unwind
  OK   PreBattleDec103Tests.test_catalog_ids_match_issue_list
  OK   PreBattleDec103Tests.test_catchemall_and_fe7_ports
  OK   PreBattleDec103Tests.test_chargeplus_brave_only_when_full_movement
  OK   PreBattleDec103Tests.test_descriptions_cover_enabled_skills
  OK   PreBattleDec103Tests.test_doorfighter_and_loyalty_guard_invalid_data
  OK   PreBattleDec103Tests.test_installers_and_stat_modifiers
  OK   PreBattleDec103Tests.test_lethality_proc_and_cultured_post_combat
  OK   PreBattleDec103Tests.test_opponent_skills_skip_stat_screen_defender
  OK   PreBattleDec103Tests.test_prebattle_asm_avoids_forecast_unsafe_calls
  OK   PreBattleDec103Tests.test_prebattle_loop_initializes_buffers_first
  OK   PreBattleDec103Tests.test_prebattle_loop_wires_new_skills
  OK   PreBattleDec103Tests.test_prebattle_lyn_events_word_aligned
  OK   PreBattleDec103Tests.test_skilltester_rejects_empty_battle_target
  OK   PreBattleDec103Tests.test_snapshot_matches_definitions
  OK   PrepSkillScrollTests.test_prep_effect_hooks_apply_item_stat_boost
  OK   PrepSkillScrollTests.test_prep_usability_expands_to_scroll_index
  OK   ProvokeExecutionTests.test_provoke_caps_vanilla_weight_at_40
  OK   ProvokeExecutionTests.test_provoke_keeps_uncapped_vanilla_weight
  OK   ProvokeExecutionTests.test_provoke_sets_weight_255_when_present
  OK   RangeSourceTests.test_ids_are_enabled
  OK   RangeSourceTests.test_range_skills_are_installed
  OK   ReliefExecutionTests.test_no_skill_leaves_heal
  OK   ReliefExecutionTests.test_skill_with_allies_leaves_heal
  OK   ReliefExecutionTests.test_skill_without_allies_adds_20
  OK   RoundsSourceTests.test_dazzle_returns_are_fe7
  OK   RoundsSourceTests.test_ids_are_enabled
  OK   RoundsSourceTests.test_rounds_skills_are_installed
  OK   ShadeExecutionTests.test_shade_absent_clamps_negative_weight_to_0
  OK   ShadeExecutionTests.test_shade_absent_uses_20_minus_hp_times_coeff
  OK   ShadeExecutionTests.test_shade_forces_score_1_and_returns_0
  OK   ShadePlusExecutionTests.test_shadeplus_allows_target_when_absent
  OK   ShadePlusExecutionTests.test_shadeplus_skip_returns_to_unit_id_increment
  OK   ShadePlusExecutionTests.test_shadeplus_skips_dead_or_hidden_unit
  OK   ShadePlusExecutionTests.test_shadeplus_skips_non_enemy
  OK   ShadePlusExecutionTests.test_shadeplus_skips_null_unit
  OK   ShadePlusExecutionTests.test_shadeplus_skips_target_when_present
  OK   ShadowgiftLuminaExecutionTests.test_lumina_staff_option_off_ignores_staff
  OK   ShadowgiftLuminaExecutionTests.test_lumina_staff_option_on_uses_staff
  OK   ShadowgiftLuminaExecutionTests.test_lumina_uses_anima_rank
  OK   ShadowgiftLuminaExecutionTests.test_lumina_uses_dark_rank_at_and_around_threshold
  OK   ShadowgiftLuminaExecutionTests.test_native_rank_just_below_fails_without_skill
  OK   ShadowgiftLuminaExecutionTests.test_native_rank_sufficient_skips_skills
  OK   ShadowgiftLuminaExecutionTests.test_shadowgift_staff_option_off_ignores_staff
  OK   ShadowgiftLuminaExecutionTests.test_shadowgift_staff_option_on_uses_staff
  OK   ShadowgiftLuminaExecutionTests.test_shadowgift_uses_anima_rank
  OK   ShadowgiftLuminaExecutionTests.test_shadowgift_uses_light_rank_at_and_around_threshold
  OK   ShadowgiftLuminaExecutionTests.test_sword_is_unaffected_by_gift_skills
  OK   SignedBonusNumberExecutionTests.test_boundary_between_one_and_two_digit_placement
  OK   SignedBonusNumberExecutionTests.test_fortress_defense_str_penalty_draws_red_minus_three
  OK   SignedBonusNumberExecutionTests.test_minus_glyph_vram_is_shifted_down_four_pixels
  OK   SignedBonusNumberExecutionTests.test_negative_bonus_draws_red_minus_and_magnitude
  OK   SignedBonusNumberExecutionTests.test_positive_bonus_draws_green_plus_and_value
  OK   SignedBonusNumberExecutionTests.test_two_digit_bonuses_shift_the_digits_right
  OK   SignedBonusNumberExecutionTests.test_zero_bonus_draws_nothing
  OK   SilentPrideExecutionTests.test_no_boost_at_full_hp_or_without_skill
  OK   SilentPrideExecutionTests.test_no_stack_just_above_25_percent_missing
  OK   SilentPrideExecutionTests.test_one_stack_when_hp_reduced_by_exactly_25_percent
  OK   SilentPrideExecutionTests.test_one_stack_when_missing_hp_times_4_meets_max
  OK   SilentPrideExecutionTests.test_two_and_three_stacks_at_half_and_quarter_remaining
  OK   SkillDefinitionToggleTests.test_colorzcore_expands_enabled_and_disabled_ids
  OK   SkillDefinitionToggleTests.test_toggle_macros_preserve_resolved_skill_ids
  OK   SkillIndexTests.test_anathema_is_skill_off
  OK   SkillIndexTests.test_bargain_live_lunge_live_other_standalone_dead
  OK   SkillIndexTests.test_blood_tide_is_skill_off
  OK   SkillIndexTests.test_live_categories_match_installer
  OK   SkillIndexTests.test_lookup_reads_event_files_not_the_markdown
  OK   SkillIndexTests.test_nullify_file_pack_lists_event_and_asm
  OK   SkillIndexTests.test_prompt_rewrite_injects_nullify_pack
  OK   SkillIndexTests.test_prompt_rewrite_no_match
  OK   SkillIndexTests.test_provoke_is_live_ai_skill
  OK   SkillIndexTests.test_skill_cli_json_pack
  OK   SkillIndexTests.test_skill_cli_prints_a_live_row
  OK   SkillIndexTests.test_slayer_pack_includes_nullify_event
  OK   SkillScrollIdTests.test_define_is_0x9f
  OK   SkillScrollIdTests.test_expanded_table_not_vanilla_slot
  OK   SkillScrollIdTests.test_use_tables_extend_to_scroll_index
  OK   SkillTableDefineTests.test_c2ea_keeps_skill_id_names_in_byte_cells
  OK   SkillTableDefineTests.test_level_up_skills_walk_c2ea_word_list_pointers
  OK   SkillTableDefineTests.test_named_personal_skills_assemble_to_catalog_ids
  OK   SkillTableDefineTests.test_personal_and_class_event_names_are_catalog_defines
  OK   SkillTableDefineTests.test_skill_definitions_can_be_included_twice
  OK   SkillTableDefineTests.test_table_definitions_includes_skill_catalog
  OK   SourceWiringTests.test_canto_allows_staff_and_item_not_combat
  OK   SourceWiringTests.test_checkgaleforce_sets_vanilla_canto_bits
  OK   SourceWiringTests.test_despoil_and_auras_skip_event_engine
  OK   SourceWiringTests.test_despoil_only_shows_a_blocking_popup
  OK   SourceWiringTests.test_despoil_popup_says_unit_obtained_item
  OK   SourceWiringTests.test_despoil_popup_text_exists
  OK   SourceWiringTests.test_despoil_reads_uses_from_the_item_table
  OK   SourceWiringTests.test_fe8_movement_hooks_are_not_installed
  OK   SourceWiringTests.test_fury_plus_two_in_stat_getters
  OK   SourceWiringTests.test_ids_enabled
  OK   SourceWiringTests.test_leftover_movement_uses_the_modular_mov_getter
  OK   SourceWiringTests.test_lunge_is_installed_on_the_fe7_position_commit
  OK   SourceWiringTests.test_lunge_triggers_on_the_skill_not_the_unit_menu_marker
  OK   SourceWiringTests.test_post_combat_loop_lists_skills
  OK   SourceWiringTests.test_post_combat_loop_parks_its_proc_for_popups
  OK   SourceWiringTests.test_try_make_canto_resumes_at_the_leftover_movement_check
  OK   SourceWiringTests.test_vanilla_already_cantoed_guard_is_not_patched_out
  OK   SourceWiringTests.test_yield_unwinds_the_vanilla_handle_traps_frame
  OK   StaffReachMaskExecutionTests.test_heal_fill_stays_one
  OK   StaffReachMaskExecutionTests.test_heal_range_is_bit_one
  OK   StaffReachMaskExecutionTests.test_mag_over_two_uses_0x20
  OK   StaffReachMaskExecutionTests.test_no_staff_fill_stays_one
  OK   StaffReachMaskExecutionTests.test_physic_mask_does_not_use_this_fill
  OK   StaffReachMaskExecutionTests.test_staffsavant_fill_is_two
  OK   StaffReachMaskExecutionTests.test_staffsavant_heal_is_one_to_two
  OK   StaffSavantExecutionTests.test_non_staff_unchanged
  OK   StaffSavantExecutionTests.test_staff_max_increases_by_one
  OK   Staleness.test_any_stale_output_restales_all
  OK   Staleness.test_equal_mtime_is_stale
  OK   Staleness.test_missing_output_is_stale
  OK   Staleness.test_newer_output_is_fresh
  OK   Staleness.test_older_output_is_stale
  OK   StatColourExecutionTests.test_boosted_stat_draws_green_on_the_base_palette
  OK   StatColourExecutionTests.test_debuffed_stat_draws_from_the_red_palette_bank
  OK   StatColourExecutionTests.test_one_point_either_side_of_the_base
  OK   StatColourExecutionTests.test_unmodified_stat_draws_blue
  OK   StatColourExecutionTests.test_zero_base_stat_still_distinguishes_boost_from_flat
  OK   StatScreenBoostColorTests.test_core_stat_number_macros_compare_total_to_base
  OK   StatScreenBoostColorTests.test_draw_number_at_can_preserve_caller_colour
  OK   StatScreenBoostColorTests.test_move_and_con_number_macros_preserve_boost_colour
  OK   StatScreenBoostColorTests.test_page_lets_drawbar_print_the_big_number_alone
  OK   StatScreenCursorTests.test_dmp_literal_is_fe7_stat_screen_struct
  OK   StatScreenCursorTests.test_store_page_hook_is_backup_status
  OK   StatScreenCursorTests.test_store_page_sets_r2_to_stat_screen_struct
  OK   StatScreenNameCenteringTests.test_character_name_centers_in_0x38_without_plus_3
  OK   StatScreenNameCenteringTests.test_class_name_stays_left_aligned
  OK   StatScreenNameCenteringTests.test_left_page_tile_origins
  OK   StatScreenNameCenteringTests.test_lyn_matches_vanilla_name_literals
  OK   StatScreenPagesAreBuiltTests.test_installed_pages_are_covered_by_build_skill_asm
  OK   StatScreenRTextTests.test_clean_rom_page1_level_box
  OK   StatScreenRTextTests.test_htid_defines_match_vanilla_rom_boxes
  OK   StatScreenRTextTests.test_mov_hp_getter_ids
  OK   StatScreenRTextTests.test_rmenu_uses_htid_not_fe8_literals
  OK   StatScreenRTextTests.test_weapon_rank_help_ids
  OK   TableOverlapTests.test_skill_scroll_vanilla_slot_overlaps_mov_costs
  OK   TableOverlapTests.test_vanilla_last_item_ok
  OK   TomeRangeExecutionTests.test_anima_light_dark_gain_one
  OK   TomeRangeExecutionTests.test_non_tome_unchanged
  OK   TraceExecutionTests.test_forecast_copies_opponent_first_skill
  OK   TraceExecutionTests.test_no_copy_outside_battle
  OK   TraceExecutionTests.test_no_copy_without_trace
  OK   TriangleAdeptExecutionTests.test_attacker_adept_doubles_only_attacker
  OK   TriangleAdeptExecutionTests.test_defender_adept_doubles_only_defender
  OK   TriangleAdeptExecutionTests.test_no_change_without_the_skill
  OK   TriangleAdeptExecutionTests.test_plus_doubles_both_units
  OK   TryMakeCantoExecutionTests.test_already_cantoed_unit_is_refused
  OK   TryMakeCantoExecutionTests.test_dead_unit_is_refused
  OK   TryMakeCantoExecutionTests.test_legacy_ability_allowed_when_enabled
  OK   TryMakeCantoExecutionTests.test_legacy_ability_refused_while_disabled
  OK   TryMakeCantoExecutionTests.test_legacy_ability_still_refuses_combat_and_staff
  OK   TryMakeCantoExecutionTests.test_nothing_pending_refuses
  OK   TryMakeCantoExecutionTests.test_pending_bit_grants_canto
  OK   TryMakeCantoExecutionTests.test_pending_bit_is_consumed
  OK   TryMakeCantoExecutionTests.test_pending_bit_leaves_action_struct_in_r4
  OK   TryMakeCantoExecutionTests.test_turn_ended_unit_is_refused
  OK   TurnSkillWiringTests.test_end_of_turn_heal_table_lists_three_skills
  OK   TurnSkillWiringTests.test_heal_anim_uses_fe7_map_anim_addresses
  OK   TurnSkillWiringTests.test_heal_sources_use_fe7_getunit
  OK   TurnSkillWiringTests.test_ids_are_enabled
  OK   TurnSkillWiringTests.test_ids_match_asm_immediates
  OK   TurnSkillWiringTests.test_phase_switch_hook_is_fe7
  OK   TurnSkillWiringTests.test_turn_skills_are_installed
  OK   WaryFighterExecutionTests.test_skill_absent_no_change
  OK   WaryFighterExecutionTests.test_skill_present_forbids_double
  OK   WeaponReachMaskExecutionTests.test_bow_two_three
  OK   WeaponReachMaskExecutionTests.test_bowrange_past_three_stays_legal
  OK   WeaponReachMaskExecutionTests.test_one_range_is_reach1_not_reach2
  OK   WeaponReachMaskExecutionTests.test_pointblank_bow_one_to_three
  OK   WeaponUsabilityWiringTests.test_category_and_calc_loop_are_installed
  OK   WeaponUsabilityWiringTests.test_ids_are_enabled
  OK   WiringTests.test_skill_ids_are_live
  OK   WTASourceTests.test_hook_and_reaver_are_fe7
  OK   WTASourceTests.test_ids_are_enabled
  OK   WTASourceTests.test_poise_is_plus_one_move
  OK   WTASourceTests.test_wta_skills_and_loop_are_installed
------------------------------------------------------------------------
 462 passed, 5 skipped, 0 failed  (467 total)
========================================================================


Assembling
message: C:\Users\Owner\Desktop\Gaming\Nintendo\Game_Boy_Advance\FE7\FEBuilder\BuildFiles\SkillSystem_FE7\ROMBuildfile.event:11:5: Used text space ends at 0x100D134 
message: C:\Users\Owner\Desktop\Gaming\Nintendo\Game_Boy_Advance\FE7\FEBuilder\BuildFiles\SkillSystem_FE7\ROMBuildfile.event:15:5: Used table space ends at 0x100EF84 
message: C:\Users\Owner\Desktop\Gaming\Nintendo\Game_Boy_Advance\FE7\FEBuilder\BuildFiles\SkillSystem_FE7\ROMBuildfile.event:19:5: Used hax space ends at 0x103E4D4 
message: C:\Users\Owner\Desktop\Gaming\Nintendo\Game_Boy_Advance\FE7\FEBuilder\BuildFiles\SkillSystem_FE7\ROMBuildfile.event:23:5: Used free space ends at 0x103E4D4 
No errors. Please continue being awesome.

Running ROM tests

========================================================================
 ROM tests (after assemble)
========================================================================
  OK   ActivationBitLookupTests.test_registered_skill_returns_its_bit
  OK   ActivationBitLookupTests.test_skill_id_zero_is_unregistered
  OK   ActivationBitLookupTests.test_unregistered_skill_returns_minus_one
  OK   AiSkillRomTests.test_rom_has_jumptohack_at_fe7_sites
  OK   BuiltRomCacheTests.test_load_returns_the_same_bytes_object
  OK   CantoRomTests.test_already_cantoed_guard_survives_in_the_rom
  OK   CantoRomTests.test_hook_replaces_the_ability_check
  OK   CantoRomTests.test_leftover_movement_calls_the_mov_getter
  OK   CantoRomTests.test_seize_still_marks_the_unit_as_having_moved
  OK   CelerityExecutionTests.test_boosts_movement_by_two
  OK   CelerityExecutionTests.test_no_boost_without_the_skill
  OK   CelerityMapFillTests.test_movement_map_sites_get_base_mov_without_the_skill
  OK   CelerityMapFillTests.test_movement_map_sites_get_the_boosted_mov
  OK   CelerityMapFillTests.test_other_fill_arguments_are_not_clobbered
  OK   CelerityMapFillTests.test_unit_pointer_survives_the_getter_call
  OK   DazzleRomTests.test_hook_is_installed
  OK   DefiantDefenseExecutionTests.test_above_threshold_does_not_boost
  OK   DefiantDefenseExecutionTests.test_below_threshold_boosts
  OK   DefiantDefenseExecutionTests.test_exactly_at_threshold_boosts
  OK   DefiantDefenseExecutionTests.test_no_boost_without_the_skill
  OK   DefiantDefenseExecutionTests.test_reported_bug_four_of_sixteen_hp_boosts
  OK   DesperationExecutionTests.test_above_half_hp_is_not_desperation
  OK   DesperationExecutionTests.test_at_half_hp_is_not_desperation
  OK   DesperationExecutionTests.test_below_half_hp_followup_is_immediate
  OK   DesperationExecutionTests.test_no_skill_even_at_low_hp
  OK   DespoilRomTests.test_red_gem_has_one_use
  OK   DisableTutorialsSourceTests.test_disabler_rewrites_istutorial_second_path
  OK   DisableTutorialsSourceTests.test_disabler_stubs_asm_tutorial_runners
  OK   DurabilityBasedItemsTests.test_hack_rom_jump_hooks
  OK   EffectiveIconFlagTests.test_nullify_keeps_icon_dark
  OK   EffectiveIconFlagTests.test_plain_weapon_no_skill_stays_dark
  OK   EffectiveIconFlagTests.test_skybreaker_lights_icon_vs_flier
  OK   EffectiveIconFlagTests.test_skybreaker_stays_dark_vs_non_flier
  OK   EffectiveIconFlagTests.test_slayer_lights_icon_vs_monster
  OK   EffectiveIconFlagTests.test_slayer_stays_dark_vs_non_monster
  OK   EffectiveIconFlagTests.test_weapon_effectiveness_still_lights_icon
  OK   FlagAssignmentTableTests.test_assigned_skills_are_enabled
  OK   FlagAssignmentTableTests.test_every_assigned_bit_matches_its_table_row
  OK   FlagAssignmentTableTests.test_free_rows_have_no_macro
  OK   FlagAssignmentTableTests.test_table_lists_every_bit_once
  OK   GetStringTableTests.test_affin_label_is_affin
  OK   GetStringTableTests.test_get_skills_skips_invalid_id_0xff
  OK   GetStringTableTests.test_get_string_from_index_literal_pool_intact
  OK   GetStringTableTests.test_items_page_loads_vanilla_equipment_label_gfx
  OK   GetStringTableTests.test_items_page_range_text_uses_fe7_handle
  OK   GetStringTableTests.test_items_page_uses_vanilla_item_box_tsa
  OK   GetStringTableTests.test_left_panel_does_not_apply_fe6_portrait_box
  OK   GetStringTableTests.test_left_panel_does_not_draw_affinity_icon
  OK   GetStringTableTests.test_left_panel_reapplies_vanilla_window_tsa
  OK   GetStringTableTests.test_left_panel_uses_vanilla_mms_box_oam
  OK   GetStringTableTests.test_page1_affinity_uses_icon_sheet_2
  OK   GetStringTableTests.test_skills_string_is_anti_huffman_skills
  OK   GetStringTableTests.test_str_label_matches_clean_fe7
  OK   GetStringTableTests.test_string_expander_accepts_anti_huffman
  OK   GetStringTableTests.test_vanilla_text_id_0_matches_clean_fe7
  OK   GetStringTableTests.test_weapon_page_uses_vanilla_wep_support_tsa
  OK   HpRestorationLoopRomTests.test_loop_contains_four_new_skills
  OK   HurricaneExecutionTests.test_an_already_missed_round_still_spends_the_dodge
  OK   HurricaneExecutionTests.test_battle_forecast_neither_dodges_nor_spends_the_charge
  OK   HurricaneExecutionTests.test_counterattack_dodge_is_still_once_per_turn
  OK   HurricaneExecutionTests.test_counterattack_without_the_skill_is_untouched
  OK   HurricaneExecutionTests.test_damage_data_in_the_high_bits_survives_the_rewrite
  OK   HurricaneExecutionTests.test_dodge_works_on_a_counterattack
  OK   HurricaneExecutionTests.test_first_attack_of_the_turn_is_dodged
  OK   HurricaneExecutionTests.test_high_damage_round_is_zeroed
  OK   HurricaneExecutionTests.test_second_attack_in_the_same_turn_connects
  OK   HurricaneExecutionTests.test_stands_down_when_another_skill_claimed_the_round
  OK   HurricaneExecutionTests.test_stat_screen_forecast_is_skipped
  OK   HurricaneExecutionTests.test_unit_without_the_skill_is_untouched
  OK   HurricaneWiringTests.test_hurricane_literals_point_at_the_activation_flag_routines
  OK   HurricaneWiringTests.test_hurricane_owns_a_once_per_turn_activation_bit
  OK   HurricaneWiringTests.test_hurricane_runs_first_in_the_battle_proc_loop
  OK   IconReworkTests.test_hack_rom_hooks_get_icon_tile_index
  OK   IsTutorialRomTests.test_asm_tutorial_runners_return_immediately
  OK   IsTutorialRomTests.test_istutorial_returns_clear_when_prologue_tutorial_bit_is_set
  OK   IsTutorialRomTests.test_patch_site_is_unconditional_branch
  OK   ItemMenuUsesRenderTests.test_menu_a_matches_vanilla
  OK   ItemMenuUsesRenderTests.test_menu_a_uses_go_to_the_tilemap_not_rom
  OK   ItemMenuUsesRenderTests.test_menu_b_matches_vanilla
  OK   ItemMenuUsesRenderTests.test_menu_b_uses_keep_the_vanilla_colour
  OK   ItemMenuUsesRenderTests.test_menu_c_matches_vanilla
  OK   ItemMenuUsesRenderTests.test_no_draw_routine_executes_a_jumptohack_literal
  OK   ItemMenuUsesRenderTests.test_stat_screen_matches_vanilla
  OK   ItemSelectRTextRomTests.test_get_item_desc_id_returns_desc_not_name
  OK   ItemSelectRTextRomTests.test_item_select_menus_keep_vanilla_r_help
  OK   ItemSelectRTextRomTests.test_menu_r_press_routine_still_starts_help_proc
  OK   ItemSelectRTextRomTests.test_skill_scroll_rtext_uses_skill_desc_table
  OK   ItemSelectRTextRomTests.test_use_desc_id_still_loads_offset_4
  OK   ItemSelectUsesRomTests.test_get_item_uses_hides_skill_id_on_scroll
  OK   ItemSelectUsesRomTests.test_get_item_uses_returns_halfword_for_iron_sword
  OK   ItemSelectUsesRomTests.test_menu_a_color_matching_scroll_id_still_draws_uses
  OK   ItemSelectUsesRomTests.test_menu_a_iron_sword_draws_uses
  OK   ItemSelectUsesRomTests.test_menu_a_skill_scroll_skips_uses
  OK   ItemSelectUsesRomTests.test_menu_b_iron_sword_draws_uses
  OK   ItemSelectUsesRomTests.test_menu_b_skill_scroll_skips_uses
  OK   ItemSelectUsesRomTests.test_stat_screen_iron_sword_draws_slash
  OK   ItemSelectUsesRomTests.test_stat_screen_scroll_skips_uses
  OK   LungeRomTests.test_hook_sits_on_the_position_commit
  OK   LungeRomTests.test_rest_of_the_routine_is_untouched
  OK   MenuSkillRomTests.test_capture_does_not_hook_fe7_mid_functions
  OK   MenuSkillRomTests.test_fe7_unit_menu_items_pointer_is_repointed
  OK   MenuSkillRomTests.test_fe8_unit_menu_orgs_do_not_clobber_fe7
  OK   ModularStatGetterRomTests.test_defense_chain_reaches_the_defiant_routine
  OK   ModularStatGetterRomTests.test_every_stat_getter_is_hooked
  OK   ModularStatGetterRomTests.test_fe8_addressed_injection_sites_remain_untouched
  OK   ModularStatGetterRomTests.test_getter_hook_targets_point_into_rom
  OK   ModularStatGetterRomTests.test_hooked_getters_differ_from_clean_rom
  OK   MovementHookRomTests.test_fe7_finalize_movement_bytes_match_clean
  OK   NarrowFontRomTests.test_dislikes_text_uses_narrow_serif_bytes
  OK   NarrowFontRomTests.test_narrow_a_installed_without_clobbering_vanilla
  OK   NihilRomTests.test_negated_skills_is_id_index_table
  OK   OptionsNoRomTests.test_dialogue_and_shop_no_ids_untouched_as_no
  OK   OptionsNoRomTests.test_hack_id_2_is_no_like_clean
  OK   OptionsNoRomTests.test_options_table_not_rewritten
  OK   OptionsNoRomTests.test_vanilla_id_2_is_no
  OK   PhaseResetLoopTests.test_all_bits_cleared_when_nothing_is_once_per_map
  OK   PhaseResetLoopTests.test_clears_turn_bits_on_every_faction
  OK   PhaseResetLoopTests.test_deployment_id_zero_is_never_visited
  OK   PhaseResetLoopTests.test_leaves_a_unit_with_no_flags_untouched
  OK   PhaseResetLoopTests.test_skips_units_without_character_data
  OK   PhaseSplitTests.test_chargeplus_execution_is_source_phase
  OK   PhaseSplitTests.test_hurricane_execution_is_rom_phase
  OK   PlayerPhaseHookTests.test_first_player_phase_command_jumps_into_freespace
  OK   PlayerPhaseHookTests.test_flag_tables_are_wired_into_the_routine
  OK   PlayerPhaseHookTests.test_reset_hook_is_above_every_label_so_it_cannot_re_run
  OK   PlayerPhaseHookTests.test_reset_proc_calls_a_routine_then_replays_and_returns
  OK   PoiseMoveExecutionTests.test_boosts_movement_by_one
  OK   PoiseMoveExecutionTests.test_no_boost_without_the_skill
  OK   PrepSkillScrollTests.test_hack_rom_prep_effect_jump
  OK   PrepSkillScrollTests.test_hack_rom_prep_usability_table
  OK   RangeRomTests.test_min_max_and_reach_are_hooked
  OK   RomResetExecutionTests.test_rom_routine_clears_a_single_per_turn_bit
  OK   RomResetExecutionTests.test_rom_routine_clears_everything_when_no_bit_is_per_map
  OK   RomResetExecutionTests.test_rom_routine_clears_per_turn_and_keeps_per_map
  OK   RomResetExecutionTests.test_rom_routine_leaves_a_clean_unit_clean
  OK   ScenarioTests.test_a_natural_miss_spends_the_dodge_and_the_double_connects
  OK   ScenarioTests.test_a_unit_without_hurricane_is_never_dodging
  OK   ScenarioTests.test_previewing_targets_all_turn_never_spends_the_dodge
  OK   ScenarioTests.test_scenario_1_attack_then_counter_then_enemy_phase
  OK   ScenarioTests.test_scenario_2_no_attack_then_enemy_phase
  OK   ScenarioTests.test_the_other_unit_never_gains_a_flag
  OK   ScenarioTests.test_the_reset_does_not_run_between_actions
  OK   ScopeMaskTests.test_mask_holds_exactly_the_once_per_map_bits
  OK   ScopeMaskTests.test_mask_is_zero_when_no_bit_is_once_per_map
  OK   SetAndQueryTests.test_clear_only_drops_its_own_bit
  OK   SetAndQueryTests.test_set_does_not_disturb_other_bits
  OK   SetAndQueryTests.test_set_then_query_reports_fired
  OK   SetAndQueryTests.test_top_bit_lands_in_byte_0x3b
  OK   SetAndQueryTests.test_unregistered_skill_never_blocked_and_never_written
  OK   SetAndQueryTests.test_unset_flag_allows_proc
  OK   SignedBonusNumberInRomTests.test_drawbar_bonus_call_is_hooked
  OK   SignedBonusNumberInRomTests.test_installer_includes_the_lyn_event
  OK   SignedBonusNumberInRomTests.test_signed_routine_is_installed_once
  OK   SkillScrollIdTests.test_hack_rom_item_and_cmp
  OK   SkillScrollIdTests.test_hack_rom_preserves_lord_mov_costs
  OK   SkillScrollIdTests.test_map_usability_pops_canunituseitem_frame
  OK   SkillTableDefineTests.test_hack_rom_personal_table_matches_event_catalog_names
  OK   StatGetterExecution.test_every_getter_returns_the_base_stat
  OK   StatGetterExecution.test_halve_if_capturing_stub_is_a_routine_not_a_word
  OK   StatScreenAllegianceTests.test_asm_uses_fe7_addresses
  OK   StatScreenAllegianceTests.test_built_rom_hook_when_enabled
  OK   StatScreenAllegianceTests.test_config_toggle_exists
  OK   StatScreenAllegianceTests.test_dmp_literals_are_fe7
  OK   StatScreenAllegianceTests.test_installer_is_fe7_gated
  OK   StatScreenAllegianceTests.test_master_includes_after_mss
  OK   TestExpandedConvoy.test_suspend_chunks_stay_inside_block
  OK   TestExpandedConvoy.test_vanilla_baseline_or_patched
  OK   TestExpandedModularSave.test_checksum_stub_always_ok
  OK   TestExpandedModularSave.test_convoy_chunk_size_present
  OK   TestExpandedModularSave.test_core_hooks_are_lynjumps
  OK   TestExpandedModularSave.test_game_blocks_do_not_overlap_link_or_block6
  OK   TestExpandedModularSave.test_game_chunk_savers_are_thumb
  OK   TestExpandedModularSave.test_gsaveblockdecl_layout
  OK   TestExpandedModularSave.test_savenewgame_passes_slot_in_r0
  OK   TestExpandedModularSave.test_suspend_fits_before_game1
  OK   TestExpandedModularSave.test_write_save_block_info_sizes
  OK   TurnLoopRomTests.test_phase_switch_calls_turn_loop_master
  OK   UnitLoadResetTests.test_loading_a_unit_drops_every_activation_flag
  OK   UnitLoadResetTests.test_loading_a_unit_with_no_flags_stays_clear
  OK   UnitLoadResetTests.test_once_per_map_bits_are_dropped_too
  OK   UnitResetTests.test_clear_all_wipes_both_bytes
  OK   UnitResetTests.test_turn_clear_keeps_once_per_map_bits
  OK   UnitResetTests.test_turn_clear_leaves_already_clear_flags_alone
  OK   UnstubbedTests.test_a_natural_miss_still_spends_the_charge
  OK   UnstubbedTests.test_another_skill_owning_the_round_leaves_the_charge_alone
  OK   UnstubbedTests.test_r8_is_restored_on_every_path
  OK   UnstubbedTests.test_real_combat_configs_still_fire
  OK   UnstubbedTests.test_real_skilltester_finds_a_supports_learned_hurricane
  OK   UnstubbedTests.test_reset_survives_the_null_slots_in_gunitlookup
  OK   UnstubbedTests.test_scenario_1_attack_then_counter
  OK   UnstubbedTests.test_scenario_2_attacked_on_enemy_phase
  OK   UnstubbedTests.test_the_charge_survives_a_forecast_and_fires_in_the_real_fight
  OK   UnstubbedTests.test_the_enemy_never_gains_a_flag
  OK   UnstubbedTests.test_the_forecast_never_spends_the_charge
  OK   WeaponUsabilityRomTests.test_can_unit_wield_weapon_hook_is_installed
  OK   WiringTests.test_hook_literals_sit_where_the_ldr_reads
  OK   WiringTests.test_hooks_are_jumpToHack
  OK   WRankPopupRomTests.test_anims_on_box_reserves_letter_width
  OK   WRankPopupRomTests.test_anims_on_draw_is_hooked
  OK   WRankPopupRomTests.test_wrank_popup_includes_letter_after_increased_to
  OK   WRankPopupSourceTests.test_event_extends_body_with_letter_component
  OK   WRankPopupSourceTests.test_letter_comes_from_equipped_weapon_rank
  OK   WRankPopupSourceTests.test_letter_table_is_ascii_not_putspecialchar_codes
  OK   WTARomTests.test_poise_and_triangle_adept_are_in_the_wta_loop
------------------------------------------------------------------------
 204 passed, 0 skipped, 0 failed  (204 total)
========================================================================

Closing existing NO$GBA
Launching NO$GBA
Press any key to continue . . . 
